{
  "版本": "v2",
  "评分标准": "rubric-v1",
  "简介": [
    {
      "id": "T1",
      "文字": "妹妹在自习室大喊，哥哥停下做题。爸爸一直在门外等，没有进屋。",
      "判定": {
        "R1": "通过",
        "R2": "通过",
        "R3": "通过",
        "R4": "通过"
      },
      "依据": {
        "R1": "简介包含全部关键事实：“妹妹在自习室大喊”“哥哥停下做题”“爸爸一直在门外等，没有进屋”，均与原文一致。",
        "R2": "简介第一句“妹妹在自习室大喊，哥哥停下做题。”和第二句“爸爸一直在门外等，没有进屋。”均逐字对应原文，没有新增事实。",
        "R3": "简介为一段，去掉空白后共30字符，标点计入，不超过80字符。",
        "R4": "原文与简介均对应妹妹“大喊”、哥哥“停下做题”、爸爸“在门外等，没有进屋”；叙述顺序一致。"
      },
      "人工核验": false
    },
    {
      "id": "T2",
      "文字": "搬办公室时，我的手机丢了。同事帮忙寻找，最后当天找到了手机。",
      "判定": {
        "R1": "不通过",
        "R2": "不通过",
        "R3": "通过",
        "R4": "通过"
      },
      "依据": {
        "R1": "原文关键事实“当天没有找到”未被保留，简介反而写成“最后当天找到了手机”；“搬办公室时，我的手机丢了”和“同事帮忙寻找”保留了其余两项事实。",
        "R2": "简介“搬办公室时，我的手机丢了。”对应原文同句；“同事帮忙寻找”对应原文“同事帮忙找”；“最后当天找到了手机”与原文“但当天没有找到”相反，补造了找到手机的结局。",
        "R3": "简介为一段，去掉空白后共30字符，标点计入，不超过80字符。",
        "R4": "原文“我的手机丢了。同事帮忙找”与简介“我的手机丢了。同事帮忙寻找”均清楚对应手机丢失、同事帮助寻找，且均先丢失后寻找。结局事实错误已在R1、R2判为不通过，但没有人物动作归属或先后顺序冲突。"
      },
      "人工核验": false
    },
    {
      "id": "T3",
      "文字": "放学时下雨，妈妈带伞来接孩子，两人一起回家。",
      "判定": {
        "R1": "通过",
        "R2": "通过",
        "R3": "通过",
        "R4": "通过"
      },
      "依据": {
        "R1": "简介包含全部关键事实：“放学时下雨”“妈妈带伞来接孩子”“两人一起回家”，均与原文一致。",
        "R2": "简介“放学时下雨”对应原文“放学时下雨。”；“妈妈带伞来接孩子，两人一起回家。”对应原文同句，仅调整句间标点，没有新增事实。",
        "R3": "简介为一段，去掉空白后共22字符，标点计入，不超过80字符。",
        "R4": "原文与简介均为妈妈“带伞来接孩子”，妈妈和孩子“两人一起回家”；均按放学下雨、接孩子、一起回家的顺序叙述。"
      },
      "人工核验": false
    }
  ]
}
